[     464ms] [LOG] https://pub-41822fd5bdc845a69bd37104e547c5ce.r2.dev/image/qq.jpg @ http://localhost:5173/src/components/FooterBar.vue:8
[     521ms] [VERBOSE] [DOM] Password field is not contained in a form: (More info: https://goo.gl/9p2vKq) %o @ http://localhost:5173/submit:0
[     533ms] [ERROR] Failed to load resource: the server responded with a status of 500 (Internal Server Error) @ http://localhost:5173/api/background/all:0
[     540ms] AxiosError: Request failed with status code 500
    at settle (http://localhost:5173/node_modules/.vite/deps/axios.js?v=4881cdc4:1426:12)
    at XMLHttpRequest.onloadend (http://localhost:5173/node_modules/.vite/deps/axios.js?v=4881cdc4:1827:7)
[    7342ms] [ERROR] Failed to load resource: the server responded with a status of 500 (Internal Server Error) @ http://localhost:5173/api/article/type/1:0
[    7343ms] [WARNING] [Vue warn]: Unhandled error during execution of watcher callback 
  at <ArticleChildren class="view" onVnodeUnmounted=fn<onVnodeUnmounted> ref=Ref< Proxy(Object) > > 
  at <RouterView class="view" > 
  at <ArticleLayout onVnodeUnmounted=fn<onVnodeUnmounted> ref=Ref< Proxy(Object) > > 
  at <RouterView> 
  at <App> @ http://localhost:5173/node_modules/.vite/deps/chunk-UC4PQXLF.js?v=4881cdc4:2224
[    7344ms] AxiosError: Request failed with status code 500
    at settle (http://localhost:5173/node_modules/.vite/deps/axios.js?v=4881cdc4:1426:12)
    at XMLHttpRequest.onloadend (http://localhost:5173/node_modules/.vite/deps/axios.js?v=4881cdc4:1827:7)
[    8213ms] [ERROR] Failed to load resource: the server responded with a status of 500 (Internal Server Error) @ http://localhost:5173/api/article/all:0
[    8214ms] [WARNING] [Vue warn]: Unhandled error during execution of mounted hook 
  at <TimeLine onVnodeUnmounted=fn<onVnodeUnmounted> ref=Ref< Proxy(Object) > > 
  at <RouterView> 
  at <App> @ http://localhost:5173/node_modules/.vite/deps/chunk-UC4PQXLF.js?v=4881cdc4:2224
[    8217ms] AxiosError: Request failed with status code 500
    at settle (http://localhost:5173/node_modules/.vite/deps/axios.js?v=4881cdc4:1426:12)
    at XMLHttpRequest.onloadend (http://localhost:5173/node_modules/.vite/deps/axios.js?v=4881cdc4:1827:7)
[    8840ms] [ERROR] Failed to load resource: the server responded with a status of 500 (Internal Server Error) @ http://localhost:5173/api/article/latest:0
[    8840ms] [ERROR] Failed to fetch latest articles: AxiosError: Request failed with status code 500
    at settle (http://localhost:5173/node_modules/.vite/deps/axios.js?v=4881cdc4:1426:12)
    at XMLHttpRequest.onloadend (http://localhost:5173/node_modules/.vite/deps/axios.js?v=4881cdc4:1827:7) @ http://localhost:5173/src/views/Body.vue:32
[    8841ms] [ERROR] Failed to load resource: the server responded with a status of 500 (Internal Server Error) @ http://localhost:5173/api/article/nums:0
[    8841ms] [ERROR] Failed to fetch article count: AxiosError: Request failed with status code 500
    at settle (http://localhost:5173/node_modules/.vite/deps/axios.js?v=4881cdc4:1426:12)
    at XMLHttpRequest.onloadend (http://localhost:5173/node_modules/.vite/deps/axios.js?v=4881cdc4:1827:7) @ http://localhost:5173/src/views/Body.vue:42
[    9237ms] [ERROR] Failed to load resource: net::ERR_CONNECTION_CLOSED @ https://yy.kuailemao.xyz/?c=a&c=j&encode=json:0
[    9237ms] [WARNING] Failed to fetch quote: TypeError: Failed to fetch
    at fetchQuote (http://localhost:5173/src/views/Body.vue:50:28)
    at http://localhost:5173/src/views/Body.vue:96:3
    at http://localhost:5173/node_modules/.vite/deps/chunk-UC4PQXLF.js?v=4881cdc4:5291:40
    at callWithErrorHandling (http://localhost:5173/node_modules/.vite/deps/chunk-UC4PQXLF.js?v=4881cdc4:2372:19)
    at callWithAsyncErrorHandling (http://localhost:5173/node_modules/.vite/deps/chunk-UC4PQXLF.js?v=4881cdc4:2379:17)
    at hook.__weh.hook.__weh (http://localhost:5173/node_modules/.vite/deps/chunk-UC4PQXLF.js?v=4881cdc4:5271:19)
    at flushPostFlushCbs (http://localhost:5173/node_modules/.vite/deps/chunk-UC4PQXLF.js?v=4881cdc4:2557:28)
    at flushJobs (http://localhost:5173/node_modules/.vite/deps/chunk-UC4PQXLF.js?v=4881cdc4:2599:5) @ http://localhost:5173/src/views/Body.vue:58
[    9665ms] [ERROR] Failed to load resource: the server responded with a status of 500 (Internal Server Error) @ http://localhost:5173/api/message:0
[    9666ms] [ERROR] Failed to fetch messages: AxiosError: Request failed with status code 500
    at settle (http://localhost:5173/node_modules/.vite/deps/axios.js?v=4881cdc4:1426:12)
    at XMLHttpRequest.onloadend (http://localhost:5173/node_modules/.vite/deps/axios.js?v=4881cdc4:1827:7) @ http://localhost:5173/src/views/Message.vue:48
[   10248ms] [ERROR] Failed to load resource: the server responded with a status of 500 (Internal Server Error) @ http://localhost:5173/api/treehole/all:0
[   10249ms] [ERROR] Failed to fetch treeholes: AxiosError: Request failed with status code 500
    at settle (http://localhost:5173/node_modules/.vite/deps/axios.js?v=4881cdc4:1426:12)
    at XMLHttpRequest.onloadend (http://localhost:5173/node_modules/.vite/deps/axios.js?v=4881cdc4:1827:7)
    at Axios.request (http://localhost:5173/node_modules/.vite/deps/axios.js?v=4881cdc4:2650:41)
    at async fetchTreeholes (http://localhost:5173/src/views/TreeHole.vue:40:22)
    at async http://localhost:5173/src/views/TreeHole.vue:137:3 @ http://localhost:5173/src/views/TreeHole.vue:42
[   11890ms] [ERROR] Failed to load resource: the server responded with a status of 500 (Internal Server Error) @ http://localhost:5173/api/article/type/1:0
[   11891ms] [WARNING] [Vue warn]: Unhandled error during execution of watcher callback 
  at <ArticleChildren class="view" onVnodeUnmounted=fn<onVnodeUnmounted> ref=Ref< Proxy(Object) > > 
  at <RouterView class="view" > 
  at <ArticleLayout onVnodeUnmounted=fn<onVnodeUnmounted> ref=Ref< Proxy(Object) > > 
  at <RouterView> 
  at <App> @ http://localhost:5173/node_modules/.vite/deps/chunk-UC4PQXLF.js?v=4881cdc4:2224
[   11892ms] AxiosError: Request failed with status code 500
    at settle (http://localhost:5173/node_modules/.vite/deps/axios.js?v=4881cdc4:1426:12)
    at XMLHttpRequest.onloadend (http://localhost:5173/node_modules/.vite/deps/axios.js?v=4881cdc4:1827:7)
[   15282ms] [ERROR] Failed to load resource: net::ERR_CONNECTION_CLOSED @ https://oss.littlestrange.site/conquer/image/background.jpg:0
