[    1201ms] [LOG] https://pub-41822fd5bdc845a69bd37104e547c5ce.r2.dev/image/qq.jpg @ http://localhost:5173/src/components/FooterBar.vue:8
[    1278ms] [VERBOSE] [DOM] Password field is not contained in a form: (More info: https://goo.gl/9p2vKq) %o @ http://localhost:5173/:0
[    1284ms] [ERROR] Failed to load resource: the server responded with a status of 500 (Internal Server Error) @ http://localhost:5173/api/background/all:0
[    1292ms] AxiosError: Request failed with status code 500
    at settle (http://localhost:5173/node_modules/.vite/deps/axios.js?v=4881cdc4:1426:12)
    at XMLHttpRequest.onloadend (http://localhost:5173/node_modules/.vite/deps/axios.js?v=4881cdc4:1827:7)
[    1325ms] [ERROR] Failed to load resource: the server responded with a status of 500 (Internal Server Error) @ http://localhost:5173/api/article/latest:0
[    1325ms] [ERROR] Failed to fetch latest articles: AxiosError: Request failed with status code 500
    at settle (http://localhost:5173/node_modules/.vite/deps/axios.js?v=4881cdc4:1426:12)
    at XMLHttpRequest.onloadend (http://localhost:5173/node_modules/.vite/deps/axios.js?v=4881cdc4:1827:7) @ http://localhost:5173/src/views/Body.vue:32
[    1326ms] [ERROR] Failed to load resource: the server responded with a status of 500 (Internal Server Error) @ http://localhost:5173/api/article/nums:0
[    1327ms] [ERROR] Failed to fetch article count: AxiosError: Request failed with status code 500
    at settle (http://localhost:5173/node_modules/.vite/deps/axios.js?v=4881cdc4:1426:12)
    at XMLHttpRequest.onloadend (http://localhost:5173/node_modules/.vite/deps/axios.js?v=4881cdc4:1827:7) @ http://localhost:5173/src/views/Body.vue:42
[    2349ms] [ERROR] Failed to load resource: net::ERR_CONNECTION_CLOSED @ https://yy.kuailemao.xyz/?c=a&c=j&encode=json:0
[    2349ms] [WARNING] Failed to fetch quote: TypeError: Failed to fetch
    at fetchQuote (http://localhost:5173/src/views/Body.vue:50:28)
    at http://localhost:5173/src/views/Body.vue:96:3
    at http://localhost:5173/node_modules/.vite/deps/chunk-UC4PQXLF.js?v=4881cdc4:5291:40
    at callWithErrorHandling (http://localhost:5173/node_modules/.vite/deps/chunk-UC4PQXLF.js?v=4881cdc4:2372:19)
    at callWithAsyncErrorHandling (http://localhost:5173/node_modules/.vite/deps/chunk-UC4PQXLF.js?v=4881cdc4:2379:17)
    at hook.__weh.hook.__weh (http://localhost:5173/node_modules/.vite/deps/chunk-UC4PQXLF.js?v=4881cdc4:5271:19)
    at flushPostFlushCbs (http://localhost:5173/node_modules/.vite/deps/chunk-UC4PQXLF.js?v=4881cdc4:2557:28)
    at flushJobs (http://localhost:5173/node_modules/.vite/deps/chunk-UC4PQXLF.js?v=4881cdc4:2599:5) @ http://localhost:5173/src/views/Body.vue:58
[    8115ms] [ERROR] Failed to load resource: net::ERR_CONNECTION_CLOSED @ https://oss.littlestrange.site/conquer/image/background.jpg:0
[   27084ms] [ERROR] Failed to load resource: the server responded with a status of 500 (Internal Server Error) @ http://localhost:5173/api/article/all:0
[   27085ms] [WARNING] [Vue warn]: Unhandled error during execution of mounted hook 
  at <TimeLine onVnodeUnmounted=fn<onVnodeUnmounted> ref=Ref< Proxy(Object) > > 
  at <RouterView> 
  at <App> @ http://localhost:5173/node_modules/.vite/deps/chunk-UC4PQXLF.js?v=4881cdc4:2224
[   27087ms] AxiosError: Request failed with status code 500
    at settle (http://localhost:5173/node_modules/.vite/deps/axios.js?v=4881cdc4:1426:12)
    at XMLHttpRequest.onloadend (http://localhost:5173/node_modules/.vite/deps/axios.js?v=4881cdc4:1827:7)
[   29346ms] [ERROR] Failed to load resource: the server responded with a status of 500 (Internal Server Error) @ http://localhost:5173/api/article/type/1:0
[   29346ms] [WARNING] [Vue warn]: Unhandled error during execution of watcher callback 
  at <ArticleChildren class="view" onVnodeUnmounted=fn<onVnodeUnmounted> ref=Ref< Proxy(Object) > > 
  at <RouterView class="view" > 
  at <ArticleLayout onVnodeUnmounted=fn<onVnodeUnmounted> ref=Ref< Proxy(Object) > > 
  at <RouterView> 
  at <App> @ http://localhost:5173/node_modules/.vite/deps/chunk-UC4PQXLF.js?v=4881cdc4:2224
[   29348ms] AxiosError: Request failed with status code 500
    at settle (http://localhost:5173/node_modules/.vite/deps/axios.js?v=4881cdc4:1426:12)
    at XMLHttpRequest.onloadend (http://localhost:5173/node_modules/.vite/deps/axios.js?v=4881cdc4:1827:7)
[   30690ms] [ERROR] Failed to load resource: the server responded with a status of 500 (Internal Server Error) @ http://localhost:5173/api/treehole/all:0
[   30690ms] [ERROR] Failed to fetch treeholes: AxiosError: Request failed with status code 500
    at settle (http://localhost:5173/node_modules/.vite/deps/axios.js?v=4881cdc4:1426:12)
    at XMLHttpRequest.onloadend (http://localhost:5173/node_modules/.vite/deps/axios.js?v=4881cdc4:1827:7)
    at Axios.request (http://localhost:5173/node_modules/.vite/deps/axios.js?v=4881cdc4:2650:41)
    at async fetchTreeholes (http://localhost:5173/src/views/TreeHole.vue:40:22)
    at async http://localhost:5173/src/views/TreeHole.vue:137:3 @ http://localhost:5173/src/views/TreeHole.vue:42
[   31269ms] [ERROR] Failed to load resource: the server responded with a status of 500 (Internal Server Error) @ http://localhost:5173/api/message:0
[   31270ms] [ERROR] Failed to fetch messages: AxiosError: Request failed with status code 500
    at settle (http://localhost:5173/node_modules/.vite/deps/axios.js?v=4881cdc4:1426:12)
    at XMLHttpRequest.onloadend (http://localhost:5173/node_modules/.vite/deps/axios.js?v=4881cdc4:1827:7) @ http://localhost:5173/src/views/Message.vue:48
[   32706ms] [ERROR] Failed to load resource: the server responded with a status of 500 (Internal Server Error) @ http://localhost:5173/api/article/latest:0
[   32707ms] [ERROR] Failed to fetch latest articles: AxiosError: Request failed with status code 500
    at settle (http://localhost:5173/node_modules/.vite/deps/axios.js?v=4881cdc4:1426:12)
    at XMLHttpRequest.onloadend (http://localhost:5173/node_modules/.vite/deps/axios.js?v=4881cdc4:1827:7) @ http://localhost:5173/src/views/Body.vue:32
[   32708ms] [ERROR] Failed to load resource: the server responded with a status of 500 (Internal Server Error) @ http://localhost:5173/api/article/nums:0
[   32708ms] [ERROR] Failed to fetch article count: AxiosError: Request failed with status code 500
    at settle (http://localhost:5173/node_modules/.vite/deps/axios.js?v=4881cdc4:1426:12)
    at XMLHttpRequest.onloadend (http://localhost:5173/node_modules/.vite/deps/axios.js?v=4881cdc4:1827:7) @ http://localhost:5173/src/views/Body.vue:42
[   33640ms] [ERROR] Failed to load resource: net::ERR_CONNECTION_CLOSED @ https://yy.kuailemao.xyz/?c=a&c=j&encode=json:0
[   33640ms] [WARNING] Failed to fetch quote: TypeError: Failed to fetch
    at fetchQuote (http://localhost:5173/src/views/Body.vue:50:28)
    at http://localhost:5173/src/views/Body.vue:96:3
    at http://localhost:5173/node_modules/.vite/deps/chunk-UC4PQXLF.js?v=4881cdc4:5291:40
    at callWithErrorHandling (http://localhost:5173/node_modules/.vite/deps/chunk-UC4PQXLF.js?v=4881cdc4:2372:19)
    at callWithAsyncErrorHandling (http://localhost:5173/node_modules/.vite/deps/chunk-UC4PQXLF.js?v=4881cdc4:2379:17)
    at hook.__weh.hook.__weh (http://localhost:5173/node_modules/.vite/deps/chunk-UC4PQXLF.js?v=4881cdc4:5271:19)
    at flushPostFlushCbs (http://localhost:5173/node_modules/.vite/deps/chunk-UC4PQXLF.js?v=4881cdc4:2557:28)
    at flushJobs (http://localhost:5173/node_modules/.vite/deps/chunk-UC4PQXLF.js?v=4881cdc4:2599:5) @ http://localhost:5173/src/views/Body.vue:58
[   35471ms] [ERROR] Failed to load resource: the server responded with a status of 500 (Internal Server Error) @ http://localhost:5173/api/message:0
[   35471ms] [ERROR] Failed to fetch messages: AxiosError: Request failed with status code 500
    at settle (http://localhost:5173/node_modules/.vite/deps/axios.js?v=4881cdc4:1426:12)
    at XMLHttpRequest.onloadend (http://localhost:5173/node_modules/.vite/deps/axios.js?v=4881cdc4:1827:7) @ http://localhost:5173/src/views/Message.vue:48
[   36001ms] [ERROR] Failed to load resource: the server responded with a status of 500 (Internal Server Error) @ http://localhost:5173/api/treehole/all:0
[   36002ms] [ERROR] Failed to fetch treeholes: AxiosError: Request failed with status code 500
    at settle (http://localhost:5173/node_modules/.vite/deps/axios.js?v=4881cdc4:1426:12)
    at XMLHttpRequest.onloadend (http://localhost:5173/node_modules/.vite/deps/axios.js?v=4881cdc4:1827:7)
    at Axios.request (http://localhost:5173/node_modules/.vite/deps/axios.js?v=4881cdc4:2650:41)
    at async fetchTreeholes (http://localhost:5173/src/views/TreeHole.vue:40:22)
    at async http://localhost:5173/src/views/TreeHole.vue:137:3 @ http://localhost:5173/src/views/TreeHole.vue:42
[   37014ms] [ERROR] Failed to load resource: the server responded with a status of 500 (Internal Server Error) @ http://localhost:5173/api/article/latest:0
[   37015ms] [ERROR] Failed to fetch latest articles: AxiosError: Request failed with status code 500
    at settle (http://localhost:5173/node_modules/.vite/deps/axios.js?v=4881cdc4:1426:12)
    at XMLHttpRequest.onloadend (http://localhost:5173/node_modules/.vite/deps/axios.js?v=4881cdc4:1827:7) @ http://localhost:5173/src/views/Body.vue:32
[   37015ms] [ERROR] Failed to load resource: the server responded with a status of 500 (Internal Server Error) @ http://localhost:5173/api/article/nums:0
[   37015ms] [ERROR] Failed to fetch article count: AxiosError: Request failed with status code 500
    at settle (http://localhost:5173/node_modules/.vite/deps/axios.js?v=4881cdc4:1426:12)
    at XMLHttpRequest.onloadend (http://localhost:5173/node_modules/.vite/deps/axios.js?v=4881cdc4:1827:7) @ http://localhost:5173/src/views/Body.vue:42
[   37903ms] [ERROR] Failed to load resource: net::ERR_CONNECTION_CLOSED @ https://yy.kuailemao.xyz/?c=a&c=j&encode=json:0
[   37903ms] [WARNING] Failed to fetch quote: TypeError: Failed to fetch
    at fetchQuote (http://localhost:5173/src/views/Body.vue:50:28)
    at http://localhost:5173/src/views/Body.vue:96:3
    at http://localhost:5173/node_modules/.vite/deps/chunk-UC4PQXLF.js?v=4881cdc4:5291:40
    at callWithErrorHandling (http://localhost:5173/node_modules/.vite/deps/chunk-UC4PQXLF.js?v=4881cdc4:2372:19)
    at callWithAsyncErrorHandling (http://localhost:5173/node_modules/.vite/deps/chunk-UC4PQXLF.js?v=4881cdc4:2379:17)
    at hook.__weh.hook.__weh (http://localhost:5173/node_modules/.vite/deps/chunk-UC4PQXLF.js?v=4881cdc4:5271:19)
    at flushPostFlushCbs (http://localhost:5173/node_modules/.vite/deps/chunk-UC4PQXLF.js?v=4881cdc4:2557:28)
    at flushJobs (http://localhost:5173/node_modules/.vite/deps/chunk-UC4PQXLF.js?v=4881cdc4:2599:5) @ http://localhost:5173/src/views/Body.vue:58
